// Jest Snapshot v1, https://goo.gl/fbAQLP

exports[`<Template /> component renders without errors 1`] = `
ShallowWrapper {
  Symbol(enzyme.__root__): [Circular],
  Symbol(enzyme.__unrendered__): <TemplateComponent
    onClick={[MockFunction]}
    tested={true}
  />,
  Symbol(enzyme.__renderer__): Object {
    "batchedUpdates": [Function],
    "getNode": [Function],
    "render": [Function],
    "simulateError": [Function],
    "simulateEvent": [Function],
    "unmount": [Function],
  },
  Symbol(enzyme.__node__): Object {
    "instance": null,
    "key": undefined,
    "nodeType": "host",
    "props": Object {
      "children": Array [
        <button
          onClick={[MockFunction]}
          type="button"
        >
          This is a template component!
        </button>,
        <p>
          TESTED!
        </p>,
      ],
      "className": "template",
    },
    "ref": null,
    "rendered": Array [
      Object {
        "instance": null,
        "key": undefined,
        "nodeType": "host",
        "props": Object {
          "children": "This is a template component!",
          "onClick": [MockFunction],
          "type": "button",
        },
        "ref": null,
        "rendered": "This is a template component!",
        "type": "button",
      },
      Object {
        "instance": null,
        "key": undefined,
        "nodeType": "host",
        "props": Object {
          "children": "TESTED!",
        },
        "ref": null,
        "rendered": "TESTED!",
        "type": "p",
      },
    ],
    "type": "div",
  },
  Symbol(enzyme.__nodes__): Array [
    Object {
      "instance": null,
      "key": undefined,
      "nodeType": "host",
      "props": Object {
        "children": Array [
          <button
            onClick={[MockFunction]}
            type="button"
          >
            This is a template component!
          </button>,
          <p>
            TESTED!
          </p>,
        ],
        "className": "template",
      },
      "ref": null,
      "rendered": Array [
        Object {
          "instance": null,
          "key": undefined,
          "nodeType": "host",
          "props": Object {
            "children": "This is a template component!",
            "onClick": [MockFunction],
            "type": "button",
          },
          "ref": null,
          "rendered": "This is a template component!",
          "type": "button",
        },
        Object {
          "instance": null,
          "key": undefined,
          "nodeType": "host",
          "props": Object {
            "children": "TESTED!",
          },
          "ref": null,
          "rendered": "TESTED!",
          "type": "p",
        },
      ],
      "type": "div",
    },
  ],
  Symbol(enzyme.__options__): Object {
    "adapter": ReactSixteenAdapter {
      "options": Object {
        "enableComponentDidUpdateOnSetState": true,
        "lifecycles": Object {
          "componentDidUpdate": Object {
            "onSetState": true,
          },
          "getDerivedStateFromProps": true,
          "getSnapshotBeforeUpdate": true,
          "setState": Object {
            "skipsComponentDidUpdateOnNullish": true,
          },
        },
      },
    },
  },
}
`;
